PASS: UI0 ownership, neutral defaults, no duplicate background authoring; 40 Graph source/preset/test files verified
{
  "platform/macos/photara-graph-lab/Resources/Info.plist": "beaf4f6875f493acf523679d26572e6f333e3b9bd3482f3a209f5aec5289ccaf",
  "platform/macos/photara-graph-lab/Sources/GraphLabApp.swift": "e650f9cfa5edf43ba734557e2e94b645284713e9cd405d347a3b47dcb708322b",
  "platform/macos/photara-graph-lab/Sources/GraphLabCanvas.swift": "69c85a30b007e7f48b32e1b7a89c2abb5524b58b0d705fa379f2a2a0b7ab7f80",
  "platform/macos/photara-graph-lab/Sources/GraphLabFixtures.swift": "ef243b5b70e4ad7ed6c0b71d2a72274e5b8ab02c85240fa142125a4d77791517",
  "platform/macos/photara-graph-lab/Sources/GraphLabTooling.swift": "fda663dc5fa9d783aec003e69987ea915a0d6f5063f57e9050dc121b2b781e2b",
  "platform/macos/photara-graph-lab/Sources/GraphLabView.swift": "6fe2748f591955a55ff8b799b3f0ef77725501056a9e330de9c774814d54675a",
  "platform/macos/photara-graph-lab/Tests/GraphBranchOverviewChecks.swift": "fe38fb2b4e3be1ae952e9a9a48c7eeb9553f0f68ee5efb10bcbbabb995d950d8",
  "platform/macos/photara-graph-lab/Tests/GraphGestureOracle.swift": "1c4572fbda1f3c03363d690bfc77a37b44e3cd8f7848cfa6c35076881589fcaa",
  "platform/macos/photara-graph-lab/Tests/GraphInteractionChecks.swift": "b9c7ed304453fd6d2dcfc717c4b80b8df733777b85e0fcf907aa658177e919cc",
  "platform/macos/photara-graph-lab/Tests/GraphNativeInput.swift": "e2511d66f227c72fba3f4067c98b46383b3c20f5f6139cb652bfd4d9ad5a46ce",
  "platform/macos/photara-graph-lab/Tests/GraphPermissionProbe.swift": "c2c1eac7db2a47916425a7272721945ed1adee8bd0a5788257b66b506938315c",
  "platform/macos/photara-graph-lab/Tests/GraphRandomGestures.swift": "ae6d08b948225df792a599314e48c32f0934df2bd538dad07553eb0bda928bce",
  "platform/macos/photara-graph-lab/Tests/GraphVerificationHost.swift": "4dbe7f47bcb0d12af7c4c192fa34ce27c0d16c4dd909df3051c1779599561f20",
  "platform/macos/photara-graph-lab/build-graph-lab.sh": "904b7b3f3ff8133bdaaf8c670383d7afcdc6ce295a616788bc751fb2c9962d9e",
  "platform/macos/photara-graph-lab/export-shared-preset.swift": "b7420f7ee63e8bc6332ece24514c08dc8907838e80d4b3439feb24c624d08aa0",
  "platform/macos/photara-graph-lab/launch-verification.py": "ef4b0c87cc8a7cc7f64491cca8a1354d267daebfe48eef0c4227ead79c371788",
  "platform/macos/photara-graph-lab/verify-interactions.sh": "8c77285e968b0056b0f38491e38825d7e13f8125824d810555765593e3413df4",
  "platform/macos/photara-graph-lab/verify-launch-furnace.py": "e0f250b9978c37b01384e34640ab49061525d726c3d2622b8f97d1e69cd03fb0",
  "platform/macos/photara-graph-lab/verify-permissions.sh": "262868f8af61fd05239b15273184e0468f4b82e06ad3d11bd293f7f91049c1f0",
  "platform/macos/photara-graph/Resources/NodeIcons/node-ai-workflow.svg": "5843789b50c24adbce669a300872db881c265560930b8bb90e7d6e591d16f3b7",
  "platform/macos/photara-graph/Resources/NodeIcons/node-disk-folder.svg": "a909cc3d720b5b6b33f8067640efa58150973441f85520cf5808edbc0c51b7a1",
  "platform/macos/photara-graph/Resources/NodeIcons/node-export.svg": "7e477e1d4f2009f679537bed51b59f83b5329bb7a9963acb92aabce25e4b3442",
  "platform/macos/photara-graph/Resources/NodeIcons/node-layout.svg": "d19be313ee04a0a36f472796033ef8387fc0bbfa5937ab16337b1c9be08696d8",
  "platform/macos/photara-graph/Resources/NodeIcons/node-metadata.svg": "7068e1bebbebdb21c23a619b35f74772fb01b66de5cadfa5af8c41c9a7c66bd0",
  "platform/macos/photara-graph/Resources/NodeIcons/node-query.svg": "1adb2ced27c587c91c80decbf58a3090fd4a8376c570a9eb03b9b33abf3f99c2",
  "platform/macos/photara-graph/Resources/NodeIcons/node-rotate.svg": "e0406645da385f2ebf5f689f260a9165170a44c2d569cbdd5e543933f249aa29",
  "platform/macos/photara-graph/Resources/NodeIcons/node-union.svg": "0503cd1bbdae8e9f97fd3a7594bfcf2f7a5e02b549d03ac7ec2412eddd2067e1",
  "platform/macos/photara-graph/Resources/ToolIcons/tool-knife.svg": "1d478e2961e17f81371682c5c43d035ebedc181bc0f0188fdb54df80868d874d",
  "platform/macos/photara-graph/Resources/photara-graph-presentation-v1.json": "3d26d416d4f8555c4b2eb03a4d599c5c13393cc669778c9fb1baddf422c71452",
  "platform/macos/photara-graph/Sources/GraphCanvas.swift": "7ae28dc60f0f9ae9d23d9b9a7a542b9bdaa3a2b5014b3b8e3c28fc14222e8fbd",
  "platform/macos/photara-graph/Sources/GraphDocument.swift": "ad9565d47a578cab737dad185b25c1156e1a19bfe8fd898f83be73a2f0197a4c",
  "platform/macos/photara-graph/Sources/GraphEventSurface.swift": "67b92bd95d913e4fcc03d893d520d700eec2873e0750885e550b7cec1130f3d0",
  "platform/macos/photara-graph/Sources/GraphGeometry.swift": "faf83eb42a69ae277af645ab38da0fc885c3ad27ab2c66d2b2a3c181644fef76",
  "platform/macos/photara-graph/Sources/GraphInteraction.swift": "c1312afb7076d5d9f5262c1731df936ed67f87670d598c6d32e1ff282405ad4a",
  "platform/macos/photara-graph/Sources/GraphNodeView.swift": "72db1d400ec0bdf30d98511df3fd4ea5125796f7a9050d4e8a4309cef499ff14",
  "platform/macos/photara-graph/Sources/GraphOverview.swift": "7e53074a143ca4ee5079d2b63201ba42102aa9234b731176d4f4fa4abe7e10d5",
  "platform/macos/photara-graph/Sources/GraphPresentation.swift": "d32697479f5a1302dde92d902c16c81be4259b9aff5695d10dff2b4982c157aa",
  "platform/macos/photara-graph/Sources/GraphPreset.swift": "7ba18d3f75c0a9855c08ef90708ad4d8886bdae4cc680708907cfbe02686131a",
  "platform/macos/photara-graph/Sources/GraphToolIcons.swift": "573121092b4981bc55be0b8e6dfaefdc20c654c25712e4380b514f1bc5f7e707",
  "platform/macos/photara-graph/Sources/GraphToolRail.swift": "0273f643181e78f3fbfbb2ddb7e596d82e52f6ff167b5e5bc0511432408cd5d9"
}
